// Jest Snapshot v1, https://goo.gl/fbAQLP

exports[`Testing the Authentication component renders without crashing 1`] = `
<ContextConsumer>
  <Component />
</ContextConsumer>
`;
