// Jest Snapshot v1, https://goo.gl/fbAQLP

exports[`Testing the Featured page component renders without crashing 1`] = `
<styled.div>
  <styled.div>
    Make meaning. Share meaning.
  </styled.div>
  <styled.div>
    Memeing Maker
  </styled.div>
  <styled.div>
    This Weekâ€™s Featured Memes
  </styled.div>
  <Masonry>
    <MemeCard
      src="meme.png"
    />
    <MemeCard
      src="meme1.png"
    />
    <MemeCard
      src="meme2.png"
    />
    <MemeCard
      src="meme3.png"
    />
    <MemeCard
      src="meme4.png"
    />
  </Masonry>
  <Button
    color="#979797"
    outline={true}
    rounded={true}
  >
    <styled.div>
      More
    </styled.div>
  </Button>
</styled.div>
`;
