// Jest Snapshot v1, https://goo.gl/fbAQLP

exports[`Testing the Button component renders without crashing 1`] = `
<styled.button
  color="#000"
/>
`;
