// Jest Snapshot v1, https://goo.gl/fbAQLP

exports[`Testing the ShareButton component renders without crashing 1`] = `
<styled.div
  onClick={[Function]}
  role="button"
  tabIndex={0}
/>
`;
