// Jest Snapshot v1, https://goo.gl/fbAQLP

exports[`Testing the Featured page component renders without crashing 1`] = `
<styled.div>
  <Tagline />
  <styled.div>
    Example wall
  </styled.div>
  <styled.div>
    No meme available in this wall yet!
  </styled.div>
</styled.div>
`;
